// Jest Snapshot v1, https://goo.gl/fbAQLP

exports[`Pruebas en el FC SearchHero Debe de mostrarse correctamente con valores por defecto  1`] = `
<div>
  <div
    class="row"
  >
    <div
      class="col-5 mt-2"
    >
      <h3>
        Search
      </h3>
      <hr />
      <form
        aria-label="form"
      >
        <input
          autocomplete="off"
          class="form-control"
          name="searchText"
          placeholder="Search a hero"
          type="text"
          value=""
        />
        <button
          class="btn btn-outline-primary mt-3"
          type="submit"
        >
          Search
        </button>
      </form>
    </div>
    <div
      class="col-7 mt-2"
    >
      <h3>
        Results
      </h3>
      <hr />
      <div
        class="alert alert-primary animate__animated animate__fadeIn"
        style="display: none;"
      >
        Search a hero
      </div>
      <div
        aria-label="danger"
        class="alert alert-danger animate__animated animate__fadeIn"
        style="display: none;"
      >
        The Hero: 
        <b />
         not found
      </div>
    </div>
  </div>
</div>
`;
